installHook.js:1 [lsp] client error SyntaxError: Unexpected token 'C', "Content-Length: 233
" is not valid JSON (at VM530:1:1)
    at JSON.parse (<anonymous>)
    at tsServerClient.ts:69:36
overrideMethod @ installHook.js:1
(anonymous) @ mm-editor.ts:106
(anonymous) @ tsServerClient.ts:72
(anonymous) @ tsServerClient.ts:72
await in (anonymous)
(anonymous) @ tsServerClient.ts:92
(anonymous) @ mm-editor.ts:104
await in (anonymous)
(anonymous) @ mm-editor.ts:69
(anonymous) @ mm-editor.ts:165
installHook.js:1 [lsp] client error SyntaxError: Unexpected end of JSON input (at VM531:2:1)
    at JSON.parse (<anonymous>)
    at tsServerClient.ts:69:36
overrideMethod @ installHook.js:1
(anonymous) @ mm-editor.ts:106
(anonymous) @ tsServerClient.ts:72
(anonymous) @ tsServerClient.ts:72
await in (anonymous)
(anonymous) @ tsServerClient.ts:92
(anonymous) @ mm-editor.ts:104
await in (anonymous)
(anonymous) @ mm-editor.ts:69
(anonymous) @ mm-editor.ts:165
installHook.js:1 [lsp] client error SyntaxError: Unexpected token 'C', "Content-Length: 110
" is not valid JSON (at VM532:1:1)
    at JSON.parse (<anonymous>)
    at tsServerClient.ts:69:36
overrideMethod @ installHook.js:1
(anonymous) @ mm-editor.ts:106
(anonymous) @ tsServerClient.ts:72
(anonymous) @ tsServerClient.ts:72
await in (anonymous)
(anonymous) @ tsServerClient.ts:92
(anonymous) @ mm-editor.ts:104
await in (anonymous)
(anonymous) @ mm-editor.ts:69
(anonymous) @ mm-editor.ts:165
installHook.js:1 [lsp] client error SyntaxError: Unexpected end of JSON input (at VM533:2:1)
    at JSON.parse (<anonymous>)
    at tsServerClient.ts:69:36
overrideMethod @ installHook.js:1
(anonymous) @ mm-editor.ts:106
(anonymous) @ tsServerClient.ts:72
(anonymous) @ tsServerClient.ts:72
await in (anonymous)
(anonymous) @ tsServerClient.ts:92
(anonymous) @ mm-editor.ts:104
await in (anonymous)
(anonymous) @ mm-editor.ts:69
(anonymous) @ mm-editor.ts:165
installHook.js:1 [lsp] client error SyntaxError: Unexpected token 'C', "Content-Length: 262
" is not valid JSON (at VM534:1:1)
    at JSON.parse (<anonymous>)
    at tsServerClient.ts:69:36
overrideMethod @ installHook.js:1
(anonymous) @ mm-editor.ts:106
(anonymous) @ tsServerClient.ts:72
(anonymous) @ tsServerClient.ts:72
await in (anonymous)
(anonymous) @ tsServerClient.ts:92
(anonymous) @ mm-editor.ts:104
await in (anonymous)
(anonymous) @ mm-editor.ts:69
(anonymous) @ mm-editor.ts:165
installHook.js:1 [lsp] client error SyntaxError: Unexpected end of JSON input (at VM535:2:1)
    at JSON.parse (<anonymous>)
    at 
